[INFO] Scanning for projects...
[INFO] 
[INFO] ----------------< cybereats.fpmislata.com:tienda-back >-----------------
[INFO] Building tienda-back 0.0.1-SNAPSHOT
[INFO]   from pom.xml
[INFO] --------------------------------[ jar ]---------------------------------
[INFO] 
[INFO] --- resources:3.3.1:resources (default-resources) @ tienda-back ---
[INFO] Copying 3 resources from src\main\resources to target\classes
[INFO] 
[INFO] --- compiler:3.11.0:compile (default-compile) @ tienda-back ---
[INFO] Nothing to compile - all classes are up to date
[INFO] 
[INFO] --- resources:3.3.1:testResources (default-testResources) @ tienda-back ---
[INFO] Copying 3 resources from src\test\resources to target\test-classes
[INFO] 
[INFO] --- compiler:3.11.0:testCompile (default-testCompile) @ tienda-back ---
[INFO] Changes detected - recompiling the module! :source
[INFO] Compiling 77 source files with javac [debug target 21] to target\test-classes
[INFO] -------------------------------------------------------------
[ERROR] COMPILATION ERROR : 
[INFO] -------------------------------------------------------------
[ERROR] /C:/DAW/PROYECTO/tienda-back/src/test/java/cybereats/fpmislata/com/tiendaback/persistence/repository/mapper/BookingMapperTest.java:[31,32] no suitable constructor found for PCJpaEntity(long,java.lang.String,java.lang.String,int,java.lang.String,java.lang.String,java.lang.String,cybereats.fpmislata.com.tiendaback.persistence.dao.jpa.entity.CategoryPCJpaEntity)
    constructor cybereats.fpmislata.com.tiendaback.persistence.dao.jpa.entity.PCJpaEntity.PCJpaEntity() is not applicable
      (actual and formal argument lists differ in length)
    constructor cybereats.fpmislata.com.tiendaback.persistence.dao.jpa.entity.PCJpaEntity.PCJpaEntity(java.lang.Long,java.lang.String,java.lang.String,int,java.lang.String,java.lang.String,java.lang.String,java.lang.String,cybereats.fpmislata.com.tiendaback.persistence.dao.jpa.entity.CategoryPCJpaEntity) is not applicable
      (actual and formal argument lists differ in length)
[ERROR] /C:/DAW/PROYECTO/tienda-back/src/test/java/cybereats/fpmislata/com/tiendaback/persistence/repository/mapper/BookingMapperTest.java:[51,23] constructor PCDto in record cybereats.fpmislata.com.tiendaback.domain.service.dto.PCDto cannot be applied to given types;
  required: java.lang.Long,java.lang.String,java.lang.String,int,java.lang.String,java.lang.String,java.lang.String,cybereats.fpmislata.com.tiendaback.domain.model.PCStatus,cybereats.fpmislata.com.tiendaback.domain.service.dto.CategoryPCDto
  found:    long,java.lang.String,java.lang.String,int,java.lang.String,java.lang.String,java.lang.String,cybereats.fpmislata.com.tiendaback.domain.service.dto.CategoryPCDto
  reason: actual and formal argument lists differ in length
[ERROR] /C:/DAW/PROYECTO/tienda-back/src/test/java/cybereats/fpmislata/com/tiendaback/persistence/repository/mapper/ReportMapperTest.java:[28,32] no suitable constructor found for PCJpaEntity(long,java.lang.String,java.lang.String,int,java.lang.String,java.lang.String,java.lang.String,cybereats.fpmislata.com.tiendaback.persistence.dao.jpa.entity.CategoryPCJpaEntity)
    constructor cybereats.fpmislata.com.tiendaback.persistence.dao.jpa.entity.PCJpaEntity.PCJpaEntity() is not applicable
      (actual and formal argument lists differ in length)
    constructor cybereats.fpmislata.com.tiendaback.persistence.dao.jpa.entity.PCJpaEntity.PCJpaEntity(java.lang.Long,java.lang.String,java.lang.String,int,java.lang.String,java.lang.String,java.lang.String,java.lang.String,cybereats.fpmislata.com.tiendaback.persistence.dao.jpa.entity.CategoryPCJpaEntity) is not applicable
      (actual and formal argument lists differ in length)
[ERROR] /C:/DAW/PROYECTO/tienda-back/src/test/java/cybereats/fpmislata/com/tiendaback/persistence/repository/mapper/ReportMapperTest.java:[52,23] constructor PCDto in record cybereats.fpmislata.com.tiendaback.domain.service.dto.PCDto cannot be applied to given types;
  required: java.lang.Long,java.lang.String,java.lang.String,int,java.lang.String,java.lang.String,java.lang.String,cybereats.fpmislata.com.tiendaback.domain.model.PCStatus,cybereats.fpmislata.com.tiendaback.domain.service.dto.CategoryPCDto
  found:    long,java.lang.String,java.lang.String,int,java.lang.String,java.lang.String,java.lang.String,cybereats.fpmislata.com.tiendaback.domain.service.dto.CategoryPCDto
  reason: actual and formal argument lists differ in length
[ERROR] /C:/DAW/PROYECTO/tienda-back/src/test/java/cybereats/fpmislata/com/tiendaback/persistence/dao/jpa/impl/ProductJpaDaoImplTest.java:[38,17] no suitable constructor found for ProductJpaEntity(long,java.lang.String,java.lang.String,java.lang.String,java.math.BigDecimal,cybereats.fpmislata.com.tiendaback.persistence.dao.jpa.entity.CategoryProductJpaEntity)
    constructor cybereats.fpmislata.com.tiendaback.persistence.dao.jpa.entity.ProductJpaEntity.ProductJpaEntity() is not applicable
      (actual and formal argument lists differ in length)
    constructor cybereats.fpmislata.com.tiendaback.persistence.dao.jpa.entity.ProductJpaEntity.ProductJpaEntity(java.lang.Long,java.lang.String,java.lang.String,java.lang.String,java.math.BigDecimal,java.lang.String,cybereats.fpmislata.com.tiendaback.persistence.dao.jpa.entity.CategoryProductJpaEntity) is not applicable
      (actual and formal argument lists differ in length)
[ERROR] /C:/DAW/PROYECTO/tienda-back/src/test/java/cybereats/fpmislata/com/tiendaback/persistence/dao/jpa/impl/ProductJpaDaoImplTest.java:[40,17] no suitable constructor found for ProductJpaEntity(long,java.lang.String,java.lang.String,java.lang.String,java.math.BigDecimal,cybereats.fpmislata.com.tiendaback.persistence.dao.jpa.entity.CategoryProductJpaEntity)
    constructor cybereats.fpmislata.com.tiendaback.persistence.dao.jpa.entity.ProductJpaEntity.ProductJpaEntity() is not applicable
      (actual and formal argument lists differ in length)
    constructor cybereats.fpmislata.com.tiendaback.persistence.dao.jpa.entity.ProductJpaEntity.ProductJpaEntity(java.lang.Long,java.lang.String,java.lang.String,java.lang.String,java.math.BigDecimal,java.lang.String,cybereats.fpmislata.com.tiendaback.persistence.dao.jpa.entity.CategoryProductJpaEntity) is not applicable
      (actual and formal argument lists differ in length)
[ERROR] /C:/DAW/PROYECTO/tienda-back/src/test/java/cybereats/fpmislata/com/tiendaback/persistence/dao/jpa/impl/ProductJpaDaoImplTest.java:[42,17] no suitable constructor found for ProductJpaEntity(long,java.lang.String,java.lang.String,java.lang.String,java.math.BigDecimal,cybereats.fpmislata.com.tiendaback.persistence.dao.jpa.entity.CategoryProductJpaEntity)
    constructor cybereats.fpmislata.com.tiendaback.persistence.dao.jpa.entity.ProductJpaEntity.ProductJpaEntity() is not applicable
      (actual and formal argument lists differ in length)
    constructor cybereats.fpmislata.com.tiendaback.persistence.dao.jpa.entity.ProductJpaEntity.ProductJpaEntity(java.lang.Long,java.lang.String,java.lang.String,java.lang.String,java.math.BigDecimal,java.lang.String,cybereats.fpmislata.com.tiendaback.persistence.dao.jpa.entity.CategoryProductJpaEntity) is not applicable
      (actual and formal argument lists differ in length)
[ERROR] /C:/DAW/PROYECTO/tienda-back/src/test/java/cybereats/fpmislata/com/tiendaback/persistence/dao/jpa/impl/ProductJpaDaoImplTest.java:[118,43] no suitable constructor found for ProductJpaEntity(<nulltype>,java.lang.String,java.lang.String,java.lang.String,java.math.BigDecimal,cybereats.fpmislata.com.tiendaback.persistence.dao.jpa.entity.CategoryProductJpaEntity)
    constructor cybereats.fpmislata.com.tiendaback.persistence.dao.jpa.entity.ProductJpaEntity.ProductJpaEntity() is not applicable
      (actual and formal argument lists differ in length)
    constructor cybereats.fpmislata.com.tiendaback.persistence.dao.jpa.entity.ProductJpaEntity.ProductJpaEntity(java.lang.Long,java.lang.String,java.lang.String,java.lang.String,java.math.BigDecimal,java.lang.String,cybereats.fpmislata.com.tiendaback.persistence.dao.jpa.entity.CategoryProductJpaEntity) is not applicable
      (actual and formal argument lists differ in length)
[ERROR] /C:/DAW/PROYECTO/tienda-back/src/test/java/cybereats/fpmislata/com/tiendaback/persistence/dao/jpa/impl/ProductJpaDaoImplTest.java:[139,43] no suitable constructor found for ProductJpaEntity(java.lang.Long,java.lang.String,java.lang.String,java.lang.String,java.math.BigDecimal,cybereats.fpmislata.com.tiendaback.persistence.dao.jpa.entity.CategoryProductJpaEntity)
    constructor cybereats.fpmislata.com.tiendaback.persistence.dao.jpa.entity.ProductJpaEntity.ProductJpaEntity() is not applicable
      (actual and formal argument lists differ in length)
    constructor cybereats.fpmislata.com.tiendaback.persistence.dao.jpa.entity.ProductJpaEntity.ProductJpaEntity(java.lang.Long,java.lang.String,java.lang.String,java.lang.String,java.math.BigDecimal,java.lang.String,cybereats.fpmislata.com.tiendaback.persistence.dao.jpa.entity.CategoryProductJpaEntity) is not applicable
      (actual and formal argument lists differ in length)
[ERROR] /C:/DAW/PROYECTO/tienda-back/src/test/java/cybereats/fpmislata/com/tiendaback/presentation/mapper/BookingMapperTest.java:[42,23] constructor PCDto in record cybereats.fpmislata.com.tiendaback.domain.service.dto.PCDto cannot be applied to given types;
  required: java.lang.Long,java.lang.String,java.lang.String,int,java.lang.String,java.lang.String,java.lang.String,cybereats.fpmislata.com.tiendaback.domain.model.PCStatus,cybereats.fpmislata.com.tiendaback.domain.service.dto.CategoryPCDto
  found:    long,java.lang.String,java.lang.String,int,java.lang.String,java.lang.String,java.lang.String,cybereats.fpmislata.com.tiendaback.domain.service.dto.CategoryPCDto
  reason: actual and formal argument lists differ in length
[ERROR] /C:/DAW/PROYECTO/tienda-back/src/test/java/cybereats/fpmislata/com/tiendaback/persistence/dao/jpa/impl/OrderItemJpaDaoImplTest.java:[36,17] no suitable constructor found for ProductJpaEntity(long,java.lang.String,java.lang.String,java.lang.String,java.math.BigDecimal,<nulltype>)
    constructor cybereats.fpmislata.com.tiendaback.persistence.dao.jpa.entity.ProductJpaEntity.ProductJpaEntity() is not applicable
      (actual and formal argument lists differ in length)
    constructor cybereats.fpmislata.com.tiendaback.persistence.dao.jpa.entity.ProductJpaEntity.ProductJpaEntity(java.lang.Long,java.lang.String,java.lang.String,java.lang.String,java.math.BigDecimal,java.lang.String,cybereats.fpmislata.com.tiendaback.persistence.dao.jpa.entity.CategoryProductJpaEntity) is not applicable
      (actual and formal argument lists differ in length)
[ERROR] /C:/DAW/PROYECTO/tienda-back/src/test/java/cybereats/fpmislata/com/tiendaback/persistence/dao/jpa/impl/OrderItemJpaDaoImplTest.java:[38,17] no suitable constructor found for ProductJpaEntity(long,java.lang.String,java.lang.String,java.lang.String,java.math.BigDecimal,<nulltype>)
    constructor cybereats.fpmislata.com.tiendaback.persistence.dao.jpa.entity.ProductJpaEntity.ProductJpaEntity() is not applicable
      (actual and formal argument lists differ in length)
    constructor cybereats.fpmislata.com.tiendaback.persistence.dao.jpa.entity.ProductJpaEntity.ProductJpaEntity(java.lang.Long,java.lang.String,java.lang.String,java.lang.String,java.math.BigDecimal,java.lang.String,cybereats.fpmislata.com.tiendaback.persistence.dao.jpa.entity.CategoryProductJpaEntity) is not applicable
      (actual and formal argument lists differ in length)
[ERROR] /C:/DAW/PROYECTO/tienda-back/src/test/java/cybereats/fpmislata/com/tiendaback/persistence/dao/jpa/impl/OrderItemJpaDaoImplTest.java:[135,40] no suitable constructor found for ProductJpaEntity(long,java.lang.String,java.lang.String,java.lang.String,java.math.BigDecimal,<nulltype>)
    constructor cybereats.fpmislata.com.tiendaback.persistence.dao.jpa.entity.ProductJpaEntity.ProductJpaEntity() is not applicable
      (actual and formal argument lists differ in length)
    constructor cybereats.fpmislata.com.tiendaback.persistence.dao.jpa.entity.ProductJpaEntity.ProductJpaEntity(java.lang.Long,java.lang.String,java.lang.String,java.lang.String,java.math.BigDecimal,java.lang.String,cybereats.fpmislata.com.tiendaback.persistence.dao.jpa.entity.CategoryProductJpaEntity) is not applicable
      (actual and formal argument lists differ in length)
[ERROR] /C:/DAW/PROYECTO/tienda-back/src/test/java/cybereats/fpmislata/com/tiendaback/presentation/mapper/PCMapperTest.java:[23,29] constructor PCRequest in record cybereats.fpmislata.com.tiendaback.presentation.webModel.request.PCRequest cannot be applied to given types;
  required: java.lang.Long,java.lang.String,java.lang.String,int,java.lang.String,java.lang.String,java.lang.String,java.lang.String,cybereats.fpmislata.com.tiendaback.presentation.webModel.request.CategoryPCRequest
  found:    long,java.lang.String,java.lang.String,int,java.lang.String,java.lang.String,java.lang.String,cybereats.fpmislata.com.tiendaback.presentation.webModel.request.CategoryPCRequest
  reason: actual and formal argument lists differ in length
[ERROR] /C:/DAW/PROYECTO/tienda-back/src/test/java/cybereats/fpmislata/com/tiendaback/presentation/mapper/PCMapperTest.java:[42,21] constructor PCDto in record cybereats.fpmislata.com.tiendaback.domain.service.dto.PCDto cannot be applied to given types;
  required: java.lang.Long,java.lang.String,java.lang.String,int,java.lang.String,java.lang.String,java.lang.String,cybereats.fpmislata.com.tiendaback.domain.model.PCStatus,cybereats.fpmislata.com.tiendaback.domain.service.dto.CategoryPCDto
  found:    long,java.lang.String,java.lang.String,int,java.lang.String,java.lang.String,java.lang.String,cybereats.fpmislata.com.tiendaback.domain.service.dto.CategoryPCDto
  reason: actual and formal argument lists differ in length
[ERROR] /C:/DAW/PROYECTO/tienda-back/src/test/java/cybereats/fpmislata/com/tiendaback/domain/mapper/BookingMapperTest.java:[52,23] constructor PCDto in record cybereats.fpmislata.com.tiendaback.domain.service.dto.PCDto cannot be applied to given types;
  required: java.lang.Long,java.lang.String,java.lang.String,int,java.lang.String,java.lang.String,java.lang.String,cybereats.fpmislata.com.tiendaback.domain.model.PCStatus,cybereats.fpmislata.com.tiendaback.domain.service.dto.CategoryPCDto
  found:    long,java.lang.String,java.lang.String,int,java.lang.String,java.lang.String,java.lang.String,cybereats.fpmislata.com.tiendaback.domain.service.dto.CategoryPCDto
  reason: actual and formal argument lists differ in length
[ERROR] /C:/DAW/PROYECTO/tienda-back/src/test/java/cybereats/fpmislata/com/tiendaback/presentation/mapper/ReportMapperTest.java:[44,23] constructor PCDto in record cybereats.fpmislata.com.tiendaback.domain.service.dto.PCDto cannot be applied to given types;
  required: java.lang.Long,java.lang.String,java.lang.String,int,java.lang.String,java.lang.String,java.lang.String,cybereats.fpmislata.com.tiendaback.domain.model.PCStatus,cybereats.fpmislata.com.tiendaback.domain.service.dto.CategoryPCDto
  found:    long,java.lang.String,java.lang.String,int,java.lang.String,java.lang.String,java.lang.String,cybereats.fpmislata.com.tiendaback.domain.service.dto.CategoryPCDto
  reason: actual and formal argument lists differ in length
[ERROR] /C:/DAW/PROYECTO/tienda-back/src/test/java/cybereats/fpmislata/com/tiendaback/presentation/ReportControllerTest.java:[47,23] constructor PCDto in record cybereats.fpmislata.com.tiendaback.domain.service.dto.PCDto cannot be applied to given types;
  required: java.lang.Long,java.lang.String,java.lang.String,int,java.lang.String,java.lang.String,java.lang.String,cybereats.fpmislata.com.tiendaback.domain.model.PCStatus,cybereats.fpmislata.com.tiendaback.domain.service.dto.CategoryPCDto
  found:    long,java.lang.String,java.lang.String,int,java.lang.String,java.lang.String,java.lang.String,<nulltype>
  reason: actual and formal argument lists differ in length
[INFO] 18 errors 
[INFO] -------------------------------------------------------------
[INFO] ------------------------------------------------------------------------
[INFO] BUILD FAILURE
[INFO] ------------------------------------------------------------------------
[INFO] Total time:  10.522 s
[INFO] Finished at: 2026-01-28T12:29:08+01:00
[INFO] ------------------------------------------------------------------------
[ERROR] Failed to execute goal org.apache.maven.plugins:maven-compiler-plugin:3.11.0:testCompile (default-testCompile) on project tienda-back: Compilation failure: Compilation failure: 
[ERROR] /C:/DAW/PROYECTO/tienda-back/src/test/java/cybereats/fpmislata/com/tiendaback/persistence/repository/mapper/BookingMapperTest.java:[31,32] no suitable constructor found for PCJpaEntity(long,java.lang.String,java.lang.String,int,java.lang.String,java.lang.String,java.lang.String,cybereats.fpmislata.com.tiendaback.persistence.dao.jpa.entity.CategoryPCJpaEntity)
[ERROR]     constructor cybereats.fpmislata.com.tiendaback.persistence.dao.jpa.entity.PCJpaEntity.PCJpaEntity() is not applicable
[ERROR]       (actual and formal argument lists differ in length)
[ERROR]     constructor cybereats.fpmislata.com.tiendaback.persistence.dao.jpa.entity.PCJpaEntity.PCJpaEntity(java.lang.Long,java.lang.String,java.lang.String,int,java.lang.String,java.lang.String,java.lang.String,java.lang.String,cybereats.fpmislata.com.tiendaback.persistence.dao.jpa.entity.CategoryPCJpaEntity) is not applicable
[ERROR]       (actual and formal argument lists differ in length)
[ERROR] /C:/DAW/PROYECTO/tienda-back/src/test/java/cybereats/fpmislata/com/tiendaback/persistence/repository/mapper/BookingMapperTest.java:[51,23] constructor PCDto in record cybereats.fpmislata.com.tiendaback.domain.service.dto.PCDto cannot be applied to given types;
[ERROR]   required: java.lang.Long,java.lang.String,java.lang.String,int,java.lang.String,java.lang.String,java.lang.String,cybereats.fpmislata.com.tiendaback.domain.model.PCStatus,cybereats.fpmislata.com.tiendaback.domain.service.dto.CategoryPCDto
[ERROR]   found:    long,java.lang.String,java.lang.String,int,java.lang.String,java.lang.String,java.lang.String,cybereats.fpmislata.com.tiendaback.domain.service.dto.CategoryPCDto
[ERROR]   reason: actual and formal argument lists differ in length
[ERROR] /C:/DAW/PROYECTO/tienda-back/src/test/java/cybereats/fpmislata/com/tiendaback/persistence/repository/mapper/ReportMapperTest.java:[28,32] no suitable constructor found for PCJpaEntity(long,java.lang.String,java.lang.String,int,java.lang.String,java.lang.String,java.lang.String,cybereats.fpmislata.com.tiendaback.persistence.dao.jpa.entity.CategoryPCJpaEntity)
[ERROR]     constructor cybereats.fpmislata.com.tiendaback.persistence.dao.jpa.entity.PCJpaEntity.PCJpaEntity() is not applicable
[ERROR]       (actual and formal argument lists differ in length)
[ERROR]     constructor cybereats.fpmislata.com.tiendaback.persistence.dao.jpa.entity.PCJpaEntity.PCJpaEntity(java.lang.Long,java.lang.String,java.lang.String,int,java.lang.String,java.lang.String,java.lang.String,java.lang.String,cybereats.fpmislata.com.tiendaback.persistence.dao.jpa.entity.CategoryPCJpaEntity) is not applicable
[ERROR]       (actual and formal argument lists differ in length)
[ERROR] /C:/DAW/PROYECTO/tienda-back/src/test/java/cybereats/fpmislata/com/tiendaback/persistence/repository/mapper/ReportMapperTest.java:[52,23] constructor PCDto in record cybereats.fpmislata.com.tiendaback.domain.service.dto.PCDto cannot be applied to given types;
[ERROR]   required: java.lang.Long,java.lang.String,java.lang.String,int,java.lang.String,java.lang.String,java.lang.String,cybereats.fpmislata.com.tiendaback.domain.model.PCStatus,cybereats.fpmislata.com.tiendaback.domain.service.dto.CategoryPCDto
[ERROR]   found:    long,java.lang.String,java.lang.String,int,java.lang.String,java.lang.String,java.lang.String,cybereats.fpmislata.com.tiendaback.domain.service.dto.CategoryPCDto
[ERROR]   reason: actual and formal argument lists differ in length
[ERROR] /C:/DAW/PROYECTO/tienda-back/src/test/java/cybereats/fpmislata/com/tiendaback/persistence/dao/jpa/impl/ProductJpaDaoImplTest.java:[38,17] no suitable constructor found for ProductJpaEntity(long,java.lang.String,java.lang.String,java.lang.String,java.math.BigDecimal,cybereats.fpmislata.com.tiendaback.persistence.dao.jpa.entity.CategoryProductJpaEntity)
[ERROR]     constructor cybereats.fpmislata.com.tiendaback.persistence.dao.jpa.entity.ProductJpaEntity.ProductJpaEntity() is not applicable
[ERROR]       (actual and formal argument lists differ in length)
[ERROR]     constructor cybereats.fpmislata.com.tiendaback.persistence.dao.jpa.entity.ProductJpaEntity.ProductJpaEntity(java.lang.Long,java.lang.String,java.lang.String,java.lang.String,java.math.BigDecimal,java.lang.String,cybereats.fpmislata.com.tiendaback.persistence.dao.jpa.entity.CategoryProductJpaEntity) is not applicable
[ERROR]       (actual and formal argument lists differ in length)
[ERROR] /C:/DAW/PROYECTO/tienda-back/src/test/java/cybereats/fpmislata/com/tiendaback/persistence/dao/jpa/impl/ProductJpaDaoImplTest.java:[40,17] no suitable constructor found for ProductJpaEntity(long,java.lang.String,java.lang.String,java.lang.String,java.math.BigDecimal,cybereats.fpmislata.com.tiendaback.persistence.dao.jpa.entity.CategoryProductJpaEntity)
[ERROR]     constructor cybereats.fpmislata.com.tiendaback.persistence.dao.jpa.entity.ProductJpaEntity.ProductJpaEntity() is not applicable
[ERROR]       (actual and formal argument lists differ in length)
[ERROR]     constructor cybereats.fpmislata.com.tiendaback.persistence.dao.jpa.entity.ProductJpaEntity.ProductJpaEntity(java.lang.Long,java.lang.String,java.lang.String,java.lang.String,java.math.BigDecimal,java.lang.String,cybereats.fpmislata.com.tiendaback.persistence.dao.jpa.entity.CategoryProductJpaEntity) is not applicable
[ERROR]       (actual and formal argument lists differ in length)
[ERROR] /C:/DAW/PROYECTO/tienda-back/src/test/java/cybereats/fpmislata/com/tiendaback/persistence/dao/jpa/impl/ProductJpaDaoImplTest.java:[42,17] no suitable constructor found for ProductJpaEntity(long,java.lang.String,java.lang.String,java.lang.String,java.math.BigDecimal,cybereats.fpmislata.com.tiendaback.persistence.dao.jpa.entity.CategoryProductJpaEntity)
[ERROR]     constructor cybereats.fpmislata.com.tiendaback.persistence.dao.jpa.entity.ProductJpaEntity.ProductJpaEntity() is not applicable
[ERROR]       (actual and formal argument lists differ in length)
[ERROR]     constructor cybereats.fpmislata.com.tiendaback.persistence.dao.jpa.entity.ProductJpaEntity.ProductJpaEntity(java.lang.Long,java.lang.String,java.lang.String,java.lang.String,java.math.BigDecimal,java.lang.String,cybereats.fpmislata.com.tiendaback.persistence.dao.jpa.entity.CategoryProductJpaEntity) is not applicable
[ERROR]       (actual and formal argument lists differ in length)
[ERROR] /C:/DAW/PROYECTO/tienda-back/src/test/java/cybereats/fpmislata/com/tiendaback/persistence/dao/jpa/impl/ProductJpaDaoImplTest.java:[118,43] no suitable constructor found for ProductJpaEntity(<nulltype>,java.lang.String,java.lang.String,java.lang.String,java.math.BigDecimal,cybereats.fpmislata.com.tiendaback.persistence.dao.jpa.entity.CategoryProductJpaEntity)
[ERROR]     constructor cybereats.fpmislata.com.tiendaback.persistence.dao.jpa.entity.ProductJpaEntity.ProductJpaEntity() is not applicable
[ERROR]       (actual and formal argument lists differ in length)
[ERROR]     constructor cybereats.fpmislata.com.tiendaback.persistence.dao.jpa.entity.ProductJpaEntity.ProductJpaEntity(java.lang.Long,java.lang.String,java.lang.String,java.lang.String,java.math.BigDecimal,java.lang.String,cybereats.fpmislata.com.tiendaback.persistence.dao.jpa.entity.CategoryProductJpaEntity) is not applicable
[ERROR]       (actual and formal argument lists differ in length)
[ERROR] /C:/DAW/PROYECTO/tienda-back/src/test/java/cybereats/fpmislata/com/tiendaback/persistence/dao/jpa/impl/ProductJpaDaoImplTest.java:[139,43] no suitable constructor found for ProductJpaEntity(java.lang.Long,java.lang.String,java.lang.String,java.lang.String,java.math.BigDecimal,cybereats.fpmislata.com.tiendaback.persistence.dao.jpa.entity.CategoryProductJpaEntity)
[ERROR]     constructor cybereats.fpmislata.com.tiendaback.persistence.dao.jpa.entity.ProductJpaEntity.ProductJpaEntity() is not applicable
[ERROR]       (actual and formal argument lists differ in length)
[ERROR]     constructor cybereats.fpmislata.com.tiendaback.persistence.dao.jpa.entity.ProductJpaEntity.ProductJpaEntity(java.lang.Long,java.lang.String,java.lang.String,java.lang.String,java.math.BigDecimal,java.lang.String,cybereats.fpmislata.com.tiendaback.persistence.dao.jpa.entity.CategoryProductJpaEntity) is not applicable
[ERROR]       (actual and formal argument lists differ in length)
[ERROR] /C:/DAW/PROYECTO/tienda-back/src/test/java/cybereats/fpmislata/com/tiendaback/presentation/mapper/BookingMapperTest.java:[42,23] constructor PCDto in record cybereats.fpmislata.com.tiendaback.domain.service.dto.PCDto cannot be applied to given types;
[ERROR]   required: java.lang.Long,java.lang.String,java.lang.String,int,java.lang.String,java.lang.String,java.lang.String,cybereats.fpmislata.com.tiendaback.domain.model.PCStatus,cybereats.fpmislata.com.tiendaback.domain.service.dto.CategoryPCDto
[ERROR]   found:    long,java.lang.String,java.lang.String,int,java.lang.String,java.lang.String,java.lang.String,cybereats.fpmislata.com.tiendaback.domain.service.dto.CategoryPCDto
[ERROR]   reason: actual and formal argument lists differ in length
[ERROR] /C:/DAW/PROYECTO/tienda-back/src/test/java/cybereats/fpmislata/com/tiendaback/persistence/dao/jpa/impl/OrderItemJpaDaoImplTest.java:[36,17] no suitable constructor found for ProductJpaEntity(long,java.lang.String,java.lang.String,java.lang.String,java.math.BigDecimal,<nulltype>)
[ERROR]     constructor cybereats.fpmislata.com.tiendaback.persistence.dao.jpa.entity.ProductJpaEntity.ProductJpaEntity() is not applicable
[ERROR]       (actual and formal argument lists differ in length)
[ERROR]     constructor cybereats.fpmislata.com.tiendaback.persistence.dao.jpa.entity.ProductJpaEntity.ProductJpaEntity(java.lang.Long,java.lang.String,java.lang.String,java.lang.String,java.math.BigDecimal,java.lang.String,cybereats.fpmislata.com.tiendaback.persistence.dao.jpa.entity.CategoryProductJpaEntity) is not applicable
[ERROR]       (actual and formal argument lists differ in length)
[ERROR] /C:/DAW/PROYECTO/tienda-back/src/test/java/cybereats/fpmislata/com/tiendaback/persistence/dao/jpa/impl/OrderItemJpaDaoImplTest.java:[38,17] no suitable constructor found for ProductJpaEntity(long,java.lang.String,java.lang.String,java.lang.String,java.math.BigDecimal,<nulltype>)
[ERROR]     constructor cybereats.fpmislata.com.tiendaback.persistence.dao.jpa.entity.ProductJpaEntity.ProductJpaEntity() is not applicable
[ERROR]       (actual and formal argument lists differ in length)
[ERROR]     constructor cybereats.fpmislata.com.tiendaback.persistence.dao.jpa.entity.ProductJpaEntity.ProductJpaEntity(java.lang.Long,java.lang.String,java.lang.String,java.lang.String,java.math.BigDecimal,java.lang.String,cybereats.fpmislata.com.tiendaback.persistence.dao.jpa.entity.CategoryProductJpaEntity) is not applicable
[ERROR]       (actual and formal argument lists differ in length)
[ERROR] /C:/DAW/PROYECTO/tienda-back/src/test/java/cybereats/fpmislata/com/tiendaback/persistence/dao/jpa/impl/OrderItemJpaDaoImplTest.java:[135,40] no suitable constructor found for ProductJpaEntity(long,java.lang.String,java.lang.String,java.lang.String,java.math.BigDecimal,<nulltype>)
[ERROR]     constructor cybereats.fpmislata.com.tiendaback.persistence.dao.jpa.entity.ProductJpaEntity.ProductJpaEntity() is not applicable
[ERROR]       (actual and formal argument lists differ in length)
[ERROR]     constructor cybereats.fpmislata.com.tiendaback.persistence.dao.jpa.entity.ProductJpaEntity.ProductJpaEntity(java.lang.Long,java.lang.String,java.lang.String,java.lang.String,java.math.BigDecimal,java.lang.String,cybereats.fpmislata.com.tiendaback.persistence.dao.jpa.entity.CategoryProductJpaEntity) is not applicable
[ERROR]       (actual and formal argument lists differ in length)
[ERROR] /C:/DAW/PROYECTO/tienda-back/src/test/java/cybereats/fpmislata/com/tiendaback/presentation/mapper/PCMapperTest.java:[23,29] constructor PCRequest in record cybereats.fpmislata.com.tiendaback.presentation.webModel.request.PCRequest cannot be applied to given types;
[ERROR]   required: java.lang.Long,java.lang.String,java.lang.String,int,java.lang.String,java.lang.String,java.lang.String,java.lang.String,cybereats.fpmislata.com.tiendaback.presentation.webModel.request.CategoryPCRequest
[ERROR]   found:    long,java.lang.String,java.lang.String,int,java.lang.String,java.lang.String,java.lang.String,cybereats.fpmislata.com.tiendaback.presentation.webModel.request.CategoryPCRequest
[ERROR]   reason: actual and formal argument lists differ in length
[ERROR] /C:/DAW/PROYECTO/tienda-back/src/test/java/cybereats/fpmislata/com/tiendaback/presentation/mapper/PCMapperTest.java:[42,21] constructor PCDto in record cybereats.fpmislata.com.tiendaback.domain.service.dto.PCDto cannot be applied to given types;
[ERROR]   required: java.lang.Long,java.lang.String,java.lang.String,int,java.lang.String,java.lang.String,java.lang.String,cybereats.fpmislata.com.tiendaback.domain.model.PCStatus,cybereats.fpmislata.com.tiendaback.domain.service.dto.CategoryPCDto
[ERROR]   found:    long,java.lang.String,java.lang.String,int,java.lang.String,java.lang.String,java.lang.String,cybereats.fpmislata.com.tiendaback.domain.service.dto.CategoryPCDto
[ERROR]   reason: actual and formal argument lists differ in length
[ERROR] /C:/DAW/PROYECTO/tienda-back/src/test/java/cybereats/fpmislata/com/tiendaback/domain/mapper/BookingMapperTest.java:[52,23] constructor PCDto in record cybereats.fpmislata.com.tiendaback.domain.service.dto.PCDto cannot be applied to given types;
[ERROR]   required: java.lang.Long,java.lang.String,java.lang.String,int,java.lang.String,java.lang.String,java.lang.String,cybereats.fpmislata.com.tiendaback.domain.model.PCStatus,cybereats.fpmislata.com.tiendaback.domain.service.dto.CategoryPCDto
[ERROR]   found:    long,java.lang.String,java.lang.String,int,java.lang.String,java.lang.String,java.lang.String,cybereats.fpmislata.com.tiendaback.domain.service.dto.CategoryPCDto
[ERROR]   reason: actual and formal argument lists differ in length
[ERROR] /C:/DAW/PROYECTO/tienda-back/src/test/java/cybereats/fpmislata/com/tiendaback/presentation/mapper/ReportMapperTest.java:[44,23] constructor PCDto in record cybereats.fpmislata.com.tiendaback.domain.service.dto.PCDto cannot be applied to given types;
[ERROR]   required: java.lang.Long,java.lang.String,java.lang.String,int,java.lang.String,java.lang.String,java.lang.String,cybereats.fpmislata.com.tiendaback.domain.model.PCStatus,cybereats.fpmislata.com.tiendaback.domain.service.dto.CategoryPCDto
[ERROR]   found:    long,java.lang.String,java.lang.String,int,java.lang.String,java.lang.String,java.lang.String,cybereats.fpmislata.com.tiendaback.domain.service.dto.CategoryPCDto
[ERROR]   reason: actual and formal argument lists differ in length
[ERROR] /C:/DAW/PROYECTO/tienda-back/src/test/java/cybereats/fpmislata/com/tiendaback/presentation/ReportControllerTest.java:[47,23] constructor PCDto in record cybereats.fpmislata.com.tiendaback.domain.service.dto.PCDto cannot be applied to given types;
[ERROR]   required: java.lang.Long,java.lang.String,java.lang.String,int,java.lang.String,java.lang.String,java.lang.String,cybereats.fpmislata.com.tiendaback.domain.model.PCStatus,cybereats.fpmislata.com.tiendaback.domain.service.dto.CategoryPCDto
[ERROR]   found:    long,java.lang.String,java.lang.String,int,java.lang.String,java.lang.String,java.lang.String,<nulltype>
[ERROR]   reason: actual and formal argument lists differ in length
[ERROR] -> [Help 1]
[ERROR] 
[ERROR] To see the full stack trace of the errors, re-run Maven with the -e switch.
[ERROR] Re-run Maven using the -X switch to enable full debug logging.
[ERROR] 
[ERROR] For more information about the errors and possible solutions, please read the following articles:
[ERROR] [Help 1] http://cwiki.apache.org/confluence/display/MAVEN/MojoFailureException
